texnansi-anttr antt-texnansi anttr
texnansi-anttb antt-texnansi anttb
texnansi-anttl antt-texnansi anttl
texnansi-anttm antt-texnansi anttm
texnansi-anttbi antt-texnansi anttbi
texnansi-anttli antt-texnansi anttli
texnansi-anttmi antt-texnansi anttmi
texnansi-anttri antt-texnansi anttri
texnansi-anttcr antt-texnansi anttcr
texnansi-anttcb antt-texnansi anttcb
texnansi-anttcm antt-texnansi anttcm
texnansi-anttcl antt-texnansi anttcl
texnansi-anttcri antt-texnansi anttcri
texnansi-anttcmi antt-texnansi anttcmi
texnansi-anttcli antt-texnansi anttcli
texnansi-anttcbi antt-texnansi anttcbi
texnansi-anttrcap anttcap-texnansi anttr
texnansi-anttbcap anttcap-texnansi anttb
texnansi-anttlcap anttcap-texnansi anttl
texnansi-anttmcap anttcap-texnansi anttm
texnansi-anttbicap anttcap-texnansi anttbi
texnansi-anttlicap anttcap-texnansi anttli
texnansi-anttmicap anttcap-texnansi anttmi
texnansi-anttricap anttcap-texnansi anttri
texnansi-anttcrcap anttcap-texnansi anttcr
texnansi-anttcbcap anttcap-texnansi anttcb
texnansi-anttcmcap anttcap-texnansi anttcm
texnansi-anttclcap anttcap-texnansi anttcl
texnansi-anttcricap anttcap-texnansi anttcri
texnansi-anttcmicap anttcap-texnansi anttcmi
texnansi-anttclicap anttcap-texnansi anttcli
texnansi-anttcbicap anttcap-texnansi anttcbi
