
cs-lmb10 lm-cs lmb10
cs-lmbo10 lm-cs lmbo10
cs-lmbx10 lm-cs lmbx10
cs-lmbx12 lm-cs lmbx12
cs-lmbx5 lm-cs lmbx5
cs-lmbx6 lm-cs lmbx6
cs-lmbx7 lm-cs lmbx7
cs-lmbx8 lm-cs lmbx8
cs-lmbx9 lm-cs lmbx9
cs-lmbxi10 lm-cs lmbxi10
cs-lmbxo10 lm-cs lmbxo10
cs-lmcsc10 lm-cs lmcsc10
cs-lmcsco10 lm-cs lmcsco10
cs-lmdunh10 lm-cs lmdunh10
cs-lmduno10 lm-cs lmduno10
cs-lmr10 lm-cs lmr10
cs-lmr12 lm-cs lmr12
cs-lmr17 lm-cs lmr17
cs-lmr5 lm-cs lmr5
cs-lmr6 lm-cs lmr6
cs-lmr7 lm-cs lmr7
cs-lmr8 lm-cs lmr8
cs-lmr9 lm-cs lmr9
cs-lmri10 lm-cs lmri10
cs-lmri12 lm-cs lmri12
cs-lmri7 lm-cs lmri7
cs-lmri8 lm-cs lmri8
cs-lmri9 lm-cs lmri9
cs-lmro10 lm-cs lmro10
cs-lmro12 lm-cs lmro12
cs-lmro17 lm-cs lmro17
cs-lmro8 lm-cs lmro8
cs-lmro9 lm-cs lmro9
cs-lmss10 lm-cs lmss10
cs-lmss12 lm-cs lmss12
cs-lmss17 lm-cs lmss17
cs-lmss8 lm-cs lmss8
cs-lmss9 lm-cs lmss9
cs-lmssbo10 lm-cs lmssbo10
cs-lmssbx10 lm-cs lmssbx10
cs-lmssdc10 lm-cs lmssdc10
cs-lmssdo10 lm-cs lmssdo10
cs-lmsso10 lm-cs lmsso10
cs-lmsso12 lm-cs lmsso12
cs-lmsso17 lm-cs lmsso17
cs-lmsso8 lm-cs lmsso8
cs-lmsso9 lm-cs lmsso9
cs-lmssq8 lm-cs lmssq8
cs-lmssqbo8 lm-cs lmssqbo8
cs-lmssqbx8 lm-cs lmssqbx8
cs-lmssqo8 lm-cs lmssqo8
cs-lmtcsc10 lm-cs lmtcsc10
cs-lmtcso10 lm-cs lmtcso10
cs-lmtk10 lm-cs lmtk10
cs-lmtko10 lm-cs lmtko10
cs-lmtl10 lm-cs lmtl10
cs-lmtlc10 lm-cs lmtlc10
cs-lmtlco10 lm-cs lmtlco10
cs-lmtlo10 lm-cs lmtlo10
cs-lmtt10 lm-cs lmtt10
cs-lmtt12 lm-cs lmtt12
cs-lmtt8 lm-cs lmtt8
cs-lmtt9 lm-cs lmtt9
cs-lmtti10 lm-cs lmtti10
cs-lmtto10 lm-cs lmtto10
cs-lmu10 lm-cs lmu10
cs-lmvtk10 lm-cs lmvtk10
cs-lmvtko10 lm-cs lmvtko10
cs-lmvtl10 lm-cs lmvtl10
cs-lmvtlo10 lm-cs lmvtlo10
cs-lmvtt10 lm-cs lmvtt10
cs-lmvtto10 lm-cs lmvtto10
% This file belongs to the Latin Modern package. The work is released under
% the GUST Font License. See the MANIFEST.txt and README.eng files
% for the details. For the most recent version of this license see
% http://www.gust.org.pl/fonts/licenses/GUST-FONT-LICENSE.txt or
% http://tug.org/fonts/licenses/GUST-FONT-LICENSE.txt
