texnansi-iwonal iwona-texnansi iwonal
texnansi-iwonar iwona-texnansi iwonar
texnansi-iwonam iwona-texnansi iwonam
texnansi-iwonab iwona-texnansi iwonab
texnansi-iwonah iwona-texnansi iwonah
texnansi-iwonali iwona-texnansi iwonali
texnansi-iwonari iwona-texnansi iwonari
texnansi-iwonami iwona-texnansi iwonami
texnansi-iwonabi iwona-texnansi iwonabi
texnansi-iwonahi iwona-texnansi iwonahi
texnansi-iwonacl iwona-texnansi iwonacl
texnansi-iwonacr iwona-texnansi iwonacr
texnansi-iwonacm iwona-texnansi iwonacm
texnansi-iwonacb iwona-texnansi iwonacb
texnansi-iwonach iwona-texnansi iwonach
texnansi-iwonacli iwona-texnansi iwonacli
texnansi-iwonacri iwona-texnansi iwonacri
texnansi-iwonacmi iwona-texnansi iwonacmi
texnansi-iwonacbi iwona-texnansi iwonacbi
texnansi-iwonachi iwona-texnansi iwonachi
texnansi-iwonalcap iwonacap-texnansi iwonal
texnansi-iwonarcap iwonacap-texnansi iwonar
texnansi-iwonamcap iwonacap-texnansi iwonam
texnansi-iwonabcap iwonacap-texnansi iwonab
texnansi-iwonahcap iwonacap-texnansi iwonah
texnansi-iwonalicap iwonacap-texnansi iwonali
texnansi-iwonaricap iwonacap-texnansi iwonari
texnansi-iwonamicap iwonacap-texnansi iwonami
texnansi-iwonabicap iwonacap-texnansi iwonabi
texnansi-iwonahicap iwonacap-texnansi iwonahi
texnansi-iwonaclcap iwonacap-texnansi iwonacl
texnansi-iwonacrcap iwonacap-texnansi iwonacr
texnansi-iwonacmcap iwonacap-texnansi iwonacm
texnansi-iwonacbcap iwonacap-texnansi iwonacb
texnansi-iwonachcap iwonacap-texnansi iwonach
texnansi-iwonaclicap iwonacap-texnansi iwonacli
texnansi-iwonacricap iwonacap-texnansi iwonacri
texnansi-iwonacmicap iwonacap-texnansi iwonacmi
texnansi-iwonacbicap iwonacap-texnansi iwonacbi
texnansi-iwonachicap iwonacap-texnansi iwonachi
