cs-iwonal iwona-cs iwonal
cs-iwonar iwona-cs iwonar
cs-iwonam iwona-cs iwonam
cs-iwonab iwona-cs iwonab
cs-iwonah iwona-cs iwonah
cs-iwonali iwona-cs iwonali
cs-iwonari iwona-cs iwonari
cs-iwonami iwona-cs iwonami
cs-iwonabi iwona-cs iwonabi
cs-iwonahi iwona-cs iwonahi
cs-iwonacl iwona-cs iwonacl
cs-iwonacr iwona-cs iwonacr
cs-iwonacm iwona-cs iwonacm
cs-iwonacb iwona-cs iwonacb
cs-iwonach iwona-cs iwonach
cs-iwonacli iwona-cs iwonacli
cs-iwonacri iwona-cs iwonacri
cs-iwonacmi iwona-cs iwonacmi
cs-iwonacbi iwona-cs iwonacbi
cs-iwonachi iwona-cs iwonachi
cs-iwonalcap iwonacap-cs iwonal
cs-iwonarcap iwonacap-cs iwonar
cs-iwonamcap iwonacap-cs iwonam
cs-iwonabcap iwonacap-cs iwonab
cs-iwonahcap iwonacap-cs iwonah
cs-iwonalicap iwonacap-cs iwonali
cs-iwonaricap iwonacap-cs iwonari
cs-iwonamicap iwonacap-cs iwonami
cs-iwonabicap iwonacap-cs iwonabi
cs-iwonahicap iwonacap-cs iwonahi
cs-iwonaclcap iwonacap-cs iwonacl
cs-iwonacrcap iwonacap-cs iwonacr
cs-iwonacmcap iwonacap-cs iwonacm
cs-iwonacbcap iwonacap-cs iwonacb
cs-iwonachcap iwonacap-cs iwonach
cs-iwonaclicap iwonacap-cs iwonacli
cs-iwonacricap iwonacap-cs iwonacri
cs-iwonacmicap iwonacap-cs iwonacmi
cs-iwonacbicap iwonacap-cs iwonacbi
cs-iwonachicap iwonacap-cs iwonachi
