ec-iwonal iwona-ec iwonal
ec-iwonar iwona-ec iwonar
ec-iwonam iwona-ec iwonam
ec-iwonab iwona-ec iwonab
ec-iwonah iwona-ec iwonah
ec-iwonali iwona-ec iwonali
ec-iwonari iwona-ec iwonari
ec-iwonami iwona-ec iwonami
ec-iwonabi iwona-ec iwonabi
ec-iwonahi iwona-ec iwonahi
ec-iwonacl iwona-ec iwonacl
ec-iwonacr iwona-ec iwonacr
ec-iwonacm iwona-ec iwonacm
ec-iwonacb iwona-ec iwonacb
ec-iwonach iwona-ec iwonach
ec-iwonacli iwona-ec iwonacli
ec-iwonacri iwona-ec iwonacri
ec-iwonacmi iwona-ec iwonacmi
ec-iwonacbi iwona-ec iwonacbi
ec-iwonachi iwona-ec iwonachi
ec-iwonalcap iwonacap-ec iwonal
ec-iwonarcap iwonacap-ec iwonar
ec-iwonamcap iwonacap-ec iwonam
ec-iwonabcap iwonacap-ec iwonab
ec-iwonahcap iwonacap-ec iwonah
ec-iwonalicap iwonacap-ec iwonali
ec-iwonaricap iwonacap-ec iwonari
ec-iwonamicap iwonacap-ec iwonami
ec-iwonabicap iwonacap-ec iwonabi
ec-iwonahicap iwonacap-ec iwonahi
ec-iwonaclcap iwonacap-ec iwonacl
ec-iwonacrcap iwonacap-ec iwonacr
ec-iwonacmcap iwonacap-ec iwonacm
ec-iwonacbcap iwonacap-ec iwonacb
ec-iwonachcap iwonacap-ec iwonach
ec-iwonaclicap iwonacap-ec iwonacli
ec-iwonacricap iwonacap-ec iwonacri
ec-iwonacmicap iwonacap-ec iwonacmi
ec-iwonacbicap iwonacap-ec iwonacbi
ec-iwonachicap iwonacap-ec iwonachi
