qx-iwonal iwona-qx iwonal
qx-iwonar iwona-qx iwonar
qx-iwonam iwona-qx iwonam
qx-iwonab iwona-qx iwonab
qx-iwonah iwona-qx iwonah
qx-iwonali iwona-qx iwonali
qx-iwonari iwona-qx iwonari
qx-iwonami iwona-qx iwonami
qx-iwonabi iwona-qx iwonabi
qx-iwonahi iwona-qx iwonahi
qx-iwonacl iwona-qx iwonacl
qx-iwonacr iwona-qx iwonacr
qx-iwonacm iwona-qx iwonacm
qx-iwonacb iwona-qx iwonacb
qx-iwonach iwona-qx iwonach
qx-iwonacli iwona-qx iwonacli
qx-iwonacri iwona-qx iwonacri
qx-iwonacmi iwona-qx iwonacmi
qx-iwonacbi iwona-qx iwonacbi
qx-iwonachi iwona-qx iwonachi
qx-iwonalcap iwonacap-qx iwonal
qx-iwonarcap iwonacap-qx iwonar
qx-iwonamcap iwonacap-qx iwonam
qx-iwonabcap iwonacap-qx iwonab
qx-iwonahcap iwonacap-qx iwonah
qx-iwonalicap iwonacap-qx iwonali
qx-iwonaricap iwonacap-qx iwonari
qx-iwonamicap iwonacap-qx iwonami
qx-iwonabicap iwonacap-qx iwonabi
qx-iwonahicap iwonacap-qx iwonahi
qx-iwonaclcap iwonacap-qx iwonacl
qx-iwonacrcap iwonacap-qx iwonacr
qx-iwonacmcap iwonacap-qx iwonacm
qx-iwonacbcap iwonacap-qx iwonacb
qx-iwonachcap iwonacap-qx iwonach
qx-iwonaclicap iwonacap-qx iwonacli
qx-iwonacricap iwonacap-qx iwonacri
qx-iwonacmicap iwonacap-qx iwonacmi
qx-iwonacbicap iwonacap-qx iwonacbi
qx-iwonachicap iwonacap-qx iwonachi
