t5-iwonal iwona-t5 iwonal
t5-iwonar iwona-t5 iwonar
t5-iwonam iwona-t5 iwonam
t5-iwonab iwona-t5 iwonab
t5-iwonah iwona-t5 iwonah
t5-iwonali iwona-t5 iwonali
t5-iwonari iwona-t5 iwonari
t5-iwonami iwona-t5 iwonami
t5-iwonabi iwona-t5 iwonabi
t5-iwonahi iwona-t5 iwonahi
t5-iwonacl iwona-t5 iwonacl
t5-iwonacr iwona-t5 iwonacr
t5-iwonacm iwona-t5 iwonacm
t5-iwonacb iwona-t5 iwonacb
t5-iwonach iwona-t5 iwonach
t5-iwonacli iwona-t5 iwonacli
t5-iwonacri iwona-t5 iwonacri
t5-iwonacmi iwona-t5 iwonacmi
t5-iwonacbi iwona-t5 iwonacbi
t5-iwonachi iwona-t5 iwonachi
t5-iwonalcap iwonacap-t5 iwonal
t5-iwonarcap iwonacap-t5 iwonar
t5-iwonamcap iwonacap-t5 iwonam
t5-iwonabcap iwonacap-t5 iwonab
t5-iwonahcap iwonacap-t5 iwonah
t5-iwonalicap iwonacap-t5 iwonali
t5-iwonaricap iwonacap-t5 iwonari
t5-iwonamicap iwonacap-t5 iwonami
t5-iwonabicap iwonacap-t5 iwonabi
t5-iwonahicap iwonacap-t5 iwonahi
t5-iwonaclcap iwonacap-t5 iwonacl
t5-iwonacrcap iwonacap-t5 iwonacr
t5-iwonacmcap iwonacap-t5 iwonacm
t5-iwonacbcap iwonacap-t5 iwonacb
t5-iwonachcap iwonacap-t5 iwonach
t5-iwonaclicap iwonacap-t5 iwonacli
t5-iwonacricap iwonacap-t5 iwonacri
t5-iwonacmicap iwonacap-t5 iwonacmi
t5-iwonacbicap iwonacap-t5 iwonacbi
t5-iwonachicap iwonacap-t5 iwonachi
