texnansi-kurierl kurier-texnansi kurierl
texnansi-kurierr kurier-texnansi kurierr
texnansi-kurierm kurier-texnansi kurierm
texnansi-kurierb kurier-texnansi kurierb
texnansi-kurierh kurier-texnansi kurierh
texnansi-kurierli kurier-texnansi kurierli
texnansi-kurierri kurier-texnansi kurierri
texnansi-kuriermi kurier-texnansi kuriermi
texnansi-kurierbi kurier-texnansi kurierbi
texnansi-kurierhi kurier-texnansi kurierhi
texnansi-kuriercl kurier-texnansi kuriercl
texnansi-kuriercr kurier-texnansi kuriercr
texnansi-kuriercm kurier-texnansi kuriercm
texnansi-kuriercb kurier-texnansi kuriercb
texnansi-kurierch kurier-texnansi kurierch
texnansi-kuriercli kurier-texnansi kuriercli
texnansi-kuriercri kurier-texnansi kuriercri
texnansi-kuriercmi kurier-texnansi kuriercmi
texnansi-kuriercbi kurier-texnansi kuriercbi
texnansi-kurierchi kurier-texnansi kurierchi
texnansi-kurierlcap kuriercap-texnansi kurierl
texnansi-kurierrcap kuriercap-texnansi kurierr
texnansi-kuriermcap kuriercap-texnansi kurierm
texnansi-kurierbcap kuriercap-texnansi kurierb
texnansi-kurierhcap kuriercap-texnansi kurierh
texnansi-kurierlicap kuriercap-texnansi kurierli
texnansi-kurierricap kuriercap-texnansi kurierri
texnansi-kuriermicap kuriercap-texnansi kuriermi
texnansi-kurierbicap kuriercap-texnansi kurierbi
texnansi-kurierhicap kuriercap-texnansi kurierhi
texnansi-kurierclcap kuriercap-texnansi kuriercl
texnansi-kuriercrcap kuriercap-texnansi kuriercr
texnansi-kuriercmcap kuriercap-texnansi kuriercm
texnansi-kuriercbcap kuriercap-texnansi kuriercb
texnansi-kurierchcap kuriercap-texnansi kurierch
texnansi-kurierclicap kuriercap-texnansi kuriercli
texnansi-kuriercricap kuriercap-texnansi kuriercri
texnansi-kuriercmicap kuriercap-texnansi kuriercmi
texnansi-kuriercbicap kuriercap-texnansi kuriercbi
texnansi-kurierchicap kuriercap-texnansi kurierchi
