t5-kurierl kurier-t5 kurierl
t5-kurierr kurier-t5 kurierr
t5-kurierm kurier-t5 kurierm
t5-kurierb kurier-t5 kurierb
t5-kurierh kurier-t5 kurierh
t5-kurierli kurier-t5 kurierli
t5-kurierri kurier-t5 kurierri
t5-kuriermi kurier-t5 kuriermi
t5-kurierbi kurier-t5 kurierbi
t5-kurierhi kurier-t5 kurierhi
t5-kuriercl kurier-t5 kuriercl
t5-kuriercr kurier-t5 kuriercr
t5-kuriercm kurier-t5 kuriercm
t5-kuriercb kurier-t5 kuriercb
t5-kurierch kurier-t5 kurierch
t5-kuriercli kurier-t5 kuriercli
t5-kuriercri kurier-t5 kuriercri
t5-kuriercmi kurier-t5 kuriercmi
t5-kuriercbi kurier-t5 kuriercbi
t5-kurierchi kurier-t5 kurierchi
t5-kurierlcap kuriercap-t5 kurierl
t5-kurierrcap kuriercap-t5 kurierr
t5-kuriermcap kuriercap-t5 kurierm
t5-kurierbcap kuriercap-t5 kurierb
t5-kurierhcap kuriercap-t5 kurierh
t5-kurierlicap kuriercap-t5 kurierli
t5-kurierricap kuriercap-t5 kurierri
t5-kuriermicap kuriercap-t5 kuriermi
t5-kurierbicap kuriercap-t5 kurierbi
t5-kurierhicap kuriercap-t5 kurierhi
t5-kurierclcap kuriercap-t5 kuriercl
t5-kuriercrcap kuriercap-t5 kuriercr
t5-kuriercmcap kuriercap-t5 kuriercm
t5-kuriercbcap kuriercap-t5 kuriercb
t5-kurierchcap kuriercap-t5 kurierch
t5-kurierclicap kuriercap-t5 kuriercli
t5-kuriercricap kuriercap-t5 kuriercri
t5-kuriercmicap kuriercap-t5 kuriercmi
t5-kuriercbicap kuriercap-t5 kuriercbi
t5-kurierchicap kuriercap-t5 kurierchi
