qx-kurierl kurier-qx kurierl
qx-kurierr kurier-qx kurierr
qx-kurierm kurier-qx kurierm
qx-kurierb kurier-qx kurierb
qx-kurierh kurier-qx kurierh
qx-kurierli kurier-qx kurierli
qx-kurierri kurier-qx kurierri
qx-kuriermi kurier-qx kuriermi
qx-kurierbi kurier-qx kurierbi
qx-kurierhi kurier-qx kurierhi
qx-kuriercl kurier-qx kuriercl
qx-kuriercr kurier-qx kuriercr
qx-kuriercm kurier-qx kuriercm
qx-kuriercb kurier-qx kuriercb
qx-kurierch kurier-qx kurierch
qx-kuriercli kurier-qx kuriercli
qx-kuriercri kurier-qx kuriercri
qx-kuriercmi kurier-qx kuriercmi
qx-kuriercbi kurier-qx kuriercbi
qx-kurierchi kurier-qx kurierchi
qx-kurierlcap kuriercap-qx kurierl
qx-kurierrcap kuriercap-qx kurierr
qx-kuriermcap kuriercap-qx kurierm
qx-kurierbcap kuriercap-qx kurierb
qx-kurierhcap kuriercap-qx kurierh
qx-kurierlicap kuriercap-qx kurierli
qx-kurierricap kuriercap-qx kurierri
qx-kuriermicap kuriercap-qx kuriermi
qx-kurierbicap kuriercap-qx kurierbi
qx-kurierhicap kuriercap-qx kurierhi
qx-kurierclcap kuriercap-qx kuriercl
qx-kuriercrcap kuriercap-qx kuriercr
qx-kuriercmcap kuriercap-qx kuriercm
qx-kuriercbcap kuriercap-qx kuriercb
qx-kurierchcap kuriercap-qx kurierch
qx-kurierclicap kuriercap-qx kuriercli
qx-kuriercricap kuriercap-qx kuriercri
qx-kuriercmicap kuriercap-qx kuriercmi
qx-kuriercbicap kuriercap-qx kuriercbi
qx-kurierchicap kuriercap-qx kurierchi
