ec-kurierl kurier-ec kurierl
ec-kurierr kurier-ec kurierr
ec-kurierm kurier-ec kurierm
ec-kurierb kurier-ec kurierb
ec-kurierh kurier-ec kurierh
ec-kurierli kurier-ec kurierli
ec-kurierri kurier-ec kurierri
ec-kuriermi kurier-ec kuriermi
ec-kurierbi kurier-ec kurierbi
ec-kurierhi kurier-ec kurierhi
ec-kuriercl kurier-ec kuriercl
ec-kuriercr kurier-ec kuriercr
ec-kuriercm kurier-ec kuriercm
ec-kuriercb kurier-ec kuriercb
ec-kurierch kurier-ec kurierch
ec-kuriercli kurier-ec kuriercli
ec-kuriercri kurier-ec kuriercri
ec-kuriercmi kurier-ec kuriercmi
ec-kuriercbi kurier-ec kuriercbi
ec-kurierchi kurier-ec kurierchi
ec-kurierlcap kuriercap-ec kurierl
ec-kurierrcap kuriercap-ec kurierr
ec-kuriermcap kuriercap-ec kurierm
ec-kurierbcap kuriercap-ec kurierb
ec-kurierhcap kuriercap-ec kurierh
ec-kurierlicap kuriercap-ec kurierli
ec-kurierricap kuriercap-ec kurierri
ec-kuriermicap kuriercap-ec kuriermi
ec-kurierbicap kuriercap-ec kurierbi
ec-kurierhicap kuriercap-ec kurierhi
ec-kurierclcap kuriercap-ec kuriercl
ec-kuriercrcap kuriercap-ec kuriercr
ec-kuriercmcap kuriercap-ec kuriercm
ec-kuriercbcap kuriercap-ec kuriercb
ec-kurierchcap kuriercap-ec kurierch
ec-kurierclicap kuriercap-ec kuriercli
ec-kuriercricap kuriercap-ec kuriercri
ec-kuriercmicap kuriercap-ec kuriercmi
ec-kuriercbicap kuriercap-ec kuriercbi
ec-kurierchicap kuriercap-ec kurierchi
