cs-kurierl kurier-cs kurierl
cs-kurierr kurier-cs kurierr
cs-kurierm kurier-cs kurierm
cs-kurierb kurier-cs kurierb
cs-kurierh kurier-cs kurierh
cs-kurierli kurier-cs kurierli
cs-kurierri kurier-cs kurierri
cs-kuriermi kurier-cs kuriermi
cs-kurierbi kurier-cs kurierbi
cs-kurierhi kurier-cs kurierhi
cs-kuriercl kurier-cs kuriercl
cs-kuriercr kurier-cs kuriercr
cs-kuriercm kurier-cs kuriercm
cs-kuriercb kurier-cs kuriercb
cs-kurierch kurier-cs kurierch
cs-kuriercli kurier-cs kuriercli
cs-kuriercri kurier-cs kuriercri
cs-kuriercmi kurier-cs kuriercmi
cs-kuriercbi kurier-cs kuriercbi
cs-kurierchi kurier-cs kurierchi
cs-kurierlcap kuriercap-cs kurierl
cs-kurierrcap kuriercap-cs kurierr
cs-kuriermcap kuriercap-cs kurierm
cs-kurierbcap kuriercap-cs kurierb
cs-kurierhcap kuriercap-cs kurierh
cs-kurierlicap kuriercap-cs kurierli
cs-kurierricap kuriercap-cs kurierri
cs-kuriermicap kuriercap-cs kuriermi
cs-kurierbicap kuriercap-cs kurierbi
cs-kurierhicap kuriercap-cs kurierhi
cs-kurierclcap kuriercap-cs kuriercl
cs-kuriercrcap kuriercap-cs kuriercr
cs-kuriercmcap kuriercap-cs kuriercm
cs-kuriercbcap kuriercap-cs kuriercb
cs-kurierchcap kuriercap-cs kurierch
cs-kurierclicap kuriercap-cs kuriercli
cs-kuriercricap kuriercap-cs kuriercri
cs-kuriercmicap kuriercap-cs kuriercmi
cs-kuriercbicap kuriercap-cs kuriercbi
cs-kurierchicap kuriercap-cs kurierchi
