
l7x-lmb10 lm-l7x lmb10
l7x-lmbo10 lm-l7x lmbo10
l7x-lmbx10 lm-l7x lmbx10
l7x-lmbx12 lm-l7x lmbx12
l7x-lmbx5 lm-l7x lmbx5
l7x-lmbx6 lm-l7x lmbx6
l7x-lmbx7 lm-l7x lmbx7
l7x-lmbx8 lm-l7x lmbx8
l7x-lmbx9 lm-l7x lmbx9
l7x-lmbxi10 lm-l7x lmbxi10
l7x-lmbxo10 lm-l7x lmbxo10
l7x-lmcsc10 lm-l7x lmcsc10
l7x-lmcsco10 lm-l7x lmcsco10
l7x-lmdunh10 lm-l7x lmdunh10
l7x-lmduno10 lm-l7x lmduno10
l7x-lmr10 lm-l7x lmr10
l7x-lmr12 lm-l7x lmr12
l7x-lmr17 lm-l7x lmr17
l7x-lmr5 lm-l7x lmr5
l7x-lmr6 lm-l7x lmr6
l7x-lmr7 lm-l7x lmr7
l7x-lmr8 lm-l7x lmr8
l7x-lmr9 lm-l7x lmr9
l7x-lmri10 lm-l7x lmri10
l7x-lmri12 lm-l7x lmri12
l7x-lmri7 lm-l7x lmri7
l7x-lmri8 lm-l7x lmri8
l7x-lmri9 lm-l7x lmri9
l7x-lmro10 lm-l7x lmro10
l7x-lmro12 lm-l7x lmro12
l7x-lmro17 lm-l7x lmro17
l7x-lmro8 lm-l7x lmro8
l7x-lmro9 lm-l7x lmro9
l7x-lmss10 lm-l7x lmss10
l7x-lmss12 lm-l7x lmss12
l7x-lmss17 lm-l7x lmss17
l7x-lmss8 lm-l7x lmss8
l7x-lmss9 lm-l7x lmss9
l7x-lmssbo10 lm-l7x lmssbo10
l7x-lmssbx10 lm-l7x lmssbx10
l7x-lmssdc10 lm-l7x lmssdc10
l7x-lmssdo10 lm-l7x lmssdo10
l7x-lmsso10 lm-l7x lmsso10
l7x-lmsso12 lm-l7x lmsso12
l7x-lmsso17 lm-l7x lmsso17
l7x-lmsso8 lm-l7x lmsso8
l7x-lmsso9 lm-l7x lmsso9
l7x-lmssq8 lm-l7x lmssq8
l7x-lmssqbo8 lm-l7x lmssqbo8
l7x-lmssqbx8 lm-l7x lmssqbx8
l7x-lmssqo8 lm-l7x lmssqo8
l7x-lmtcsc10 lm-l7x lmtcsc10
l7x-lmtcso10 lm-l7x lmtcso10
l7x-lmtk10 lm-l7x lmtk10
l7x-lmtko10 lm-l7x lmtko10
l7x-lmtl10 lm-l7x lmtl10
l7x-lmtlc10 lm-l7x lmtlc10
l7x-lmtlco10 lm-l7x lmtlco10
l7x-lmtlo10 lm-l7x lmtlo10
l7x-lmtt10 lm-l7x lmtt10
l7x-lmtt12 lm-l7x lmtt12
l7x-lmtt8 lm-l7x lmtt8
l7x-lmtt9 lm-l7x lmtt9
l7x-lmtti10 lm-l7x lmtti10
l7x-lmtto10 lm-l7x lmtto10
l7x-lmu10 lm-l7x lmu10
l7x-lmvtk10 lm-l7x lmvtk10
l7x-lmvtko10 lm-l7x lmvtko10
l7x-lmvtl10 lm-l7x lmvtl10
l7x-lmvtlo10 lm-l7x lmvtlo10
l7x-lmvtt10 lm-l7x lmvtt10
l7x-lmvtto10 lm-l7x lmvtto10
% This file belongs to the Latin Modern package. The work is released under
% the GUST Font License. See the MANIFEST.txt and README.eng files
% for the details. For the most recent version of this license see
% http://www.gust.org.pl/fonts/licenses/GUST-FONT-LICENSE.txt or
% http://tug.org/fonts/licenses/GUST-FONT-LICENSE.txt
