
ts1-lmb10 lm-ts1 lmb10
ts1-lmbo10 lm-ts1 lmbo10
ts1-lmbx10 lm-ts1 lmbx10
ts1-lmbx12 lm-ts1 lmbx12
ts1-lmbx5 lm-ts1 lmbx5
ts1-lmbx6 lm-ts1 lmbx6
ts1-lmbx7 lm-ts1 lmbx7
ts1-lmbx8 lm-ts1 lmbx8
ts1-lmbx9 lm-ts1 lmbx9
ts1-lmbxi10 lm-ts1 lmbxi10
ts1-lmbxo10 lm-ts1 lmbxo10
ts1-lmcsc10 lm-ts1 lmcsc10
ts1-lmcsco10 lm-ts1 lmcsco10
ts1-lmdunh10 lm-ts1 lmdunh10
ts1-lmduno10 lm-ts1 lmduno10
ts1-lmr10 lm-ts1 lmr10
ts1-lmr12 lm-ts1 lmr12
ts1-lmr17 lm-ts1 lmr17
ts1-lmr5 lm-ts1 lmr5
ts1-lmr6 lm-ts1 lmr6
ts1-lmr7 lm-ts1 lmr7
ts1-lmr8 lm-ts1 lmr8
ts1-lmr9 lm-ts1 lmr9
ts1-lmri10 lm-ts1 lmri10
ts1-lmri12 lm-ts1 lmri12
ts1-lmri7 lm-ts1 lmri7
ts1-lmri8 lm-ts1 lmri8
ts1-lmri9 lm-ts1 lmri9
ts1-lmro10 lm-ts1 lmro10
ts1-lmro12 lm-ts1 lmro12
ts1-lmro17 lm-ts1 lmro17
ts1-lmro8 lm-ts1 lmro8
ts1-lmro9 lm-ts1 lmro9
ts1-lmss10 lm-ts1 lmss10
ts1-lmss12 lm-ts1 lmss12
ts1-lmss17 lm-ts1 lmss17
ts1-lmss8 lm-ts1 lmss8
ts1-lmss9 lm-ts1 lmss9
ts1-lmssbo10 lm-ts1 lmssbo10
ts1-lmssbx10 lm-ts1 lmssbx10
ts1-lmssdc10 lm-ts1 lmssdc10
ts1-lmssdo10 lm-ts1 lmssdo10
ts1-lmsso10 lm-ts1 lmsso10
ts1-lmsso12 lm-ts1 lmsso12
ts1-lmsso17 lm-ts1 lmsso17
ts1-lmsso8 lm-ts1 lmsso8
ts1-lmsso9 lm-ts1 lmsso9
ts1-lmssq8 lm-ts1 lmssq8
ts1-lmssqbo8 lm-ts1 lmssqbo8
ts1-lmssqbx8 lm-ts1 lmssqbx8
ts1-lmssqo8 lm-ts1 lmssqo8
ts1-lmtcsc10 lm-ts1 lmtcsc10
ts1-lmtcso10 lm-ts1 lmtcso10
ts1-lmtk10 lm-ts1 lmtk10
ts1-lmtko10 lm-ts1 lmtko10
ts1-lmtl10 lm-ts1 lmtl10
ts1-lmtlc10 lm-ts1 lmtlc10
ts1-lmtlco10 lm-ts1 lmtlco10
ts1-lmtlo10 lm-ts1 lmtlo10
ts1-lmtt10 lm-ts1 lmtt10
ts1-lmtt12 lm-ts1 lmtt12
ts1-lmtt8 lm-ts1 lmtt8
ts1-lmtt9 lm-ts1 lmtt9
ts1-lmtti10 lm-ts1 lmtti10
ts1-lmtto10 lm-ts1 lmtto10
ts1-lmu10 lm-ts1 lmu10
ts1-lmvtk10 lm-ts1 lmvtk10
ts1-lmvtko10 lm-ts1 lmvtko10
ts1-lmvtl10 lm-ts1 lmvtl10
ts1-lmvtlo10 lm-ts1 lmvtlo10
ts1-lmvtt10 lm-ts1 lmvtt10
ts1-lmvtto10 lm-ts1 lmvtto10
% This file belongs to the Latin Modern package. The work is released under
% the GUST Font License. See the MANIFEST.txt and README.eng files
% for the details. For the most recent version of this license see
% http://www.gust.org.pl/fonts/licenses/GUST-FONT-LICENSE.txt or
% http://tug.org/fonts/licenses/GUST-FONT-LICENSE.txt
